Vivado Simulator v2024.1
Copyright 1986-2022 Xilinx, Inc. All Rights Reserved.
Copyright 2022-2024 Advanced Micro Devices, Inc. All Rights Reserved.
Running: G:/Xilinx/Vivado/2024.1/bin/unwrapped/win64.o/xelab.exe tb_usb_rx_top -debug typical -s tb_usb_rx_top_sim 
Multi-threading is on. Using 18 slave threads.
Starting static elaboration
Pass Through NonSizing Optimizer
Completed static elaboration
Starting simulation data flow analysis
Completed simulation data flow analysis
Time Resolution for simulation is 1ps
Compiling module work.fifo_generator_v13_2_10_sync_sta...
Compiling module work.fifo_generator_v13_2_10_bhv_ver_...
Compiling module work.fifo_generator_v13_2_10_CONV_VER...
Compiling module work.fifo_generator_vlog_beh(C_DATA_C...
Compiling module work.async_fifo
Compiling module work.usb_fifo_layer
Compiling module work.fifo_generator_v13_2_10_bhv_ver_...
Compiling module work.fifo_generator_v13_2_10_CONV_VER...
Compiling module work.fifo_generator_vlog_beh(C_COMMON...
Compiling module work.sync_fifo
Compiling module work.fifo_generator_v13_2_10_bhv_ver_...
Compiling module work.fifo_generator_v13_2_10_CONV_VER...
Compiling module work.fifo_generator_vlog_beh(C_COMMON...
Compiling module work.sync_fifo_18bits
Compiling module work.usb_packet_layer
Compiling module work.usb_rx_top
Compiling module work.tb_usb_rx_top
Built simulation snapshot tb_usb_rx_top_sim
