#-----------------------------------------------------------
# xsim v2024.1 (64-bit)
# SW Build 5076996 on Wed May 22 18:37:14 MDT 2024
# IP Build 5075265 on Wed May 22 21:45:21 MDT 2024
# SharedData Build 5076995 on Wed May 22 18:29:18 MDT 2024
# Start of session at: Wed May 13 22:42:01 2026
# Process ID: 32476
# Current directory: G:/Project/repository/fpga-based-sdr
# Command line: xsim.exe -mode tcl -source {xsim.dir/tb_usb_rx_top_sim/xsim_script.tcl}
# Log file: G:/Project/repository/fpga-based-sdr/xsim.log
# Journal file: G:/Project/repository/fpga-based-sdr\xsim.jou
# Running On        :WBC
# Platform          :Windows Server 2016 or Windows 10
# Operating System  :26200
# Processor Detail  :13th Gen Intel(R) Core(TM) i7-13700H
# CPU Frequency     :2918 MHz
# CPU Physical cores:14
# CPU Logical cores :20
# Host memory       :16891 MB
# Swap memory       :15032 MB
# Total Virtual     :31923 MB
# Available Virtual :10216 MB
#-----------------------------------------------------------
source xsim.dir/tb_usb_rx_top_sim/xsim_script.tcl
# xsim {tb_usb_rx_top_sim} -autoloadwcfg -runall
Time resolution is 1 ps
run -all
WARNING: Behavioral models for independent clock FIFO configurations do not model synchronization delays. The behavioral models are functionally correct, and will represent the behavior of the configured FIFO. See the FIFO Generator User Guide for more information.
WARNING: Behavioral models for independent clock FIFO configurations do not model synchronization delays. The behavioral models are functionally correct, and will represent the behavior of the configured FIFO. See the FIFO Generator User Guide for more information.
before drain: rx_data_count=897 rx_data_almost_full=0 rx_fifo_empty=0 rx_fifo_almost_empty=0
rx_data_fifo is not full; packet layer stopped before full
tb_usb_rx_top PASS
$finish called at time : 56035 ns : File "G:/Project/repository/fpga-based-sdr/FPGA/project_1/project_1.srcs/sim_1/new/tb_usb_rx_top.sv" Line 199
exit
INFO: [Common 17-206] Exiting xsim at Wed May 13 22:42:02 2026...
