Vivado Simulator v2024.1
Copyright 1986-2022 Xilinx, Inc. All Rights Reserved.
Copyright 2022-2024 Advanced Micro Devices, Inc. All Rights Reserved.
Running: G:/Xilinx/Vivado/2024.1/bin/unwrapped/win64.o/xelab.exe --incr --debug typical --relax --mt 2 -L xil_defaultlib -L fifo_generator_v13_2_10 -L uvm -L unisims_ver -L unimacro_ver -L secureip -L xpm --snapshot tb_usb_rx_top_behav xil_defaultlib.tb_usb_rx_top xil_defaultlib.glbl -log elaborate.log 
Using 2 slave threads.
Starting static elaboration
Pass Through NonSizing Optimizer
Completed static elaboration
Starting simulation data flow analysis
Completed simulation data flow analysis
Time Resolution for simulation is 1ps
Compiling module fifo_generator_v13_2_10.fifo_generator_v13_2_10_sync_sta...
Compiling module fifo_generator_v13_2_10.fifo_generator_v13_2_10_bhv_ver_...
Compiling module fifo_generator_v13_2_10.fifo_generator_v13_2_10_CONV_VER...
Compiling module fifo_generator_v13_2_10.fifo_generator_vlog_beh(C_DATA_C...
Compiling module xil_defaultlib.async_fifo
Compiling module xil_defaultlib.usb_fifo_layer
Compiling module fifo_generator_v13_2_10.fifo_generator_v13_2_10_bhv_ver_...
Compiling module fifo_generator_v13_2_10.fifo_generator_v13_2_10_CONV_VER...
Compiling module fifo_generator_v13_2_10.fifo_generator_vlog_beh(C_COMMON...
Compiling module xil_defaultlib.sync_fifo
Compiling module xil_defaultlib.usb_packet_layer
Compiling module xil_defaultlib.usb_rx_top
Compiling module xil_defaultlib.tb_usb_rx_top
Compiling module xil_defaultlib.glbl
Built simulation snapshot tb_usb_rx_top_behav
