#-----------------------------------------------------------
# xsim v2024.1 (64-bit)
# SW Build 5076996 on Wed May 22 18:37:14 MDT 2024
# IP Build 5075265 on Wed May 22 21:45:21 MDT 2024
# SharedData Build 5076995 on Wed May 22 18:29:18 MDT 2024
# Start of session at: Fri Jun 26 20:49:28 2026
# Process ID: 33372
# Current directory: G:/Project/repository/fpga-based-sdr/FPGA/project_1/project_1.sim/sim_1/behav/xsim
# Command line: xsim.exe -log simulate_runall.log -mode tcl -source {xsim.dir/tb_usb_rx_top_behav/xsim_script.tcl}
# Log file: G:/Project/repository/fpga-based-sdr/FPGA/project_1/project_1.sim/sim_1/behav/xsim/simulate_runall.log
# Journal file: G:/Project/repository/fpga-based-sdr/FPGA/project_1/project_1.sim/sim_1/behav/xsim\xsim.jou
# Running On        :WBC
# Platform          :Windows Server 2016 or Windows 10
# Operating System  :26200
# Processor Detail  :13th Gen Intel(R) Core(TM) i7-13700H
# CPU Frequency     :2918 MHz
# CPU Physical cores:14
# CPU Logical cores :20
# Host memory       :16891 MB
# Swap memory       :12884 MB
# Total Virtual     :29776 MB
# Available Virtual :9560 MB
#-----------------------------------------------------------
source xsim.dir/tb_usb_rx_top_behav/xsim_script.tcl
# xsim {tb_usb_rx_top_behav} -autoloadwcfg -runall
Time resolution is 1 ps
run -all
WARNING: Behavioral models for independent clock FIFO configurations do not model synchronization delays. The behavioral models are functionally correct, and will represent the behavior of the configured FIFO. See the FIFO Generator User Guide for more information.
WARNING: Behavioral models for independent clock FIFO configurations do not model synchronization delays. The behavioral models are functionally correct, and will represent the behavior of the configured FIFO. See the FIFO Generator User Guide for more information.
before drain: rx_data_count=768 rx_data_almost_full=0 rx_fifo_empty=0 rx_fifo_almost_empty=0
rx_data_fifo is not full; packet layer stopped before full
Fatal: tx word mismatch: got e0000002 expected e0000001
Time: 78206 ns  Iteration: 0  Process: /tb_usb_rx_top/read_and_check_tx_word  Scope: tb_usb_rx_top.read_and_check_tx_word  File: G:/Project/repository/fpga-based-sdr/FPGA/project_1/project_1.srcs/sim_1/new/tb_usb_rx_top.sv Line: 296
$finish called at time : 78206 ns
exit
INFO: [Common 17-206] Exiting xsim at Fri Jun 26 20:49:30 2026...
