#-----------------------------------------------------------
# xsim v2024.1 (64-bit)
# SW Build 5076996 on Wed May 22 18:37:14 MDT 2024
# IP Build 5075265 on Wed May 22 21:45:21 MDT 2024
# SharedData Build 5076995 on Wed May 22 18:29:18 MDT 2024
# Start of session at: Fri Jun 26 20:43:07 2026
# Process ID: 1876
# Current directory: G:/Project/repository/fpga-based-sdr/FPGA/project_1/project_1.sim/sim_1/behav/xsim
# Command line: xsim.exe -log simulate.log -mode tcl -source {xsim.dir/tb_usb_rx_top_behav/xsim_script.tcl}
# Log file: G:/Project/repository/fpga-based-sdr/FPGA/project_1/project_1.sim/sim_1/behav/xsim/simulate.log
# Journal file: G:/Project/repository/fpga-based-sdr/FPGA/project_1/project_1.sim/sim_1/behav/xsim\xsim.jou
# Running On        :WBC
# Platform          :Windows Server 2016 or Windows 10
# Operating System  :26200
# Processor Detail  :13th Gen Intel(R) Core(TM) i7-13700H
# CPU Frequency     :2918 MHz
# CPU Physical cores:14
# CPU Logical cores :20
# Host memory       :16891 MB
# Swap memory       :12884 MB
# Total Virtual     :29776 MB
# Available Virtual :7888 MB
#-----------------------------------------------------------
source xsim.dir/tb_usb_rx_top_behav/xsim_script.tcl
open_wave_config G:/Project/repository/fpga-based-sdr/FPGA/project_1/tb_usb_rx_top_behav.wcfg
source tb_usb_rx_top.tcl
